==========================================================================
Using PRMS Parameter File: sagehen_50m_par_0.params
Description: Generated by Gsflow python Package....
==========================================================================
Comment lines:
Version : --.--
==========================================================================
Using dimensions    number
ndays                366
ndepl                  2
ndeplval              22
nlake                  0
nmonths               12
nrain                  1
ntemp                  1
one                    1
nsegment              17
nreach               348
ngw                20562
ngwcell            20562
nhru               20562
nhrucell           20562
nssr               20562
ncascade           10994
ncascdgw           10994
nsub                   1
nobs                   1
==========================================================================


               Precipitation-Runoff Modeling System (PRMS)
                       Version 6.1.0 02/01/2026

--------------------------------------------------------------------
        Process            Available Modules
--------------------------------------------------------------------
  Basin Definition: basin
    Cascading Flow: cascade
  Time Series Data: obs, water_use_read, dynamic_param_read
                    dynamic_soil_param_read
   Potet Solar Rad: soltab
  Temperature Dist: temp_1sta, temp_laps, temp_dist2, climate_hru,
                    temp_map
       Precip Dist: precip_1sta, precip_laps, precip_dist2,
                    climate_hru, precip_map
Temp & Precip Dist: xyz_dist, ide_dist
    Solar Rad Dist: ccsolrad, ddsolrad, climate_hru
Transpiration Dist: transp_tindex, climate_hru, transp_frost
      Potential ET: potet_hamon, potet_jh, potet_pan, climate_hru,
                    potet_hs, potet_pt, potet_pm, potet_pm_sta
      Interception: intcp
Snow & Glacr Dynam: snowcomp, glacr_melt
    Surface Runoff: srunoff_smidx, srunoff_carea
         Soil Zone: soilzone, soilzone_ag
       Groundwater: gwflow
Streamflow Routing: strmflow, strmflow_in_out, muskingum,
                    muskingum_lake, muskingum_mann, segment_to_hru
Streamflow Charact: strmflow_character
Stream Temperature: stream_temp
    Output Summary: basin_sum, subbasin, map_results, prms_summary,
                    nhru_summary, nsub_summary, water_balance
                    basin_summary, nsegment_summary, statvar_out
     Preprocessing: write_climate_hru, frost_date
--------------------------------------------------------------------

Github Commit Hash 25f61fe10733e5ba1ddac095e8546342764675cf

Execution start date and time (yyyy/mm/dd hh:mm:ss) 2026/01/16 10:53:00

==========================================================================
Using PRMS Data File: sagehen_50m_dat.data
Title: PRMS datafile
==========================================================================
Comment lines:
==========================================================================
measured variables
tmax 1
tmin 1
precip 1
runoff 1
==========================================================================
 Data File time period: 1980/10/01 00:00:00 to 2007/06/30 00:00:00
Simulation time period: 1982/10/01 00:00:00 to 1996/09/31 00:00:00
==========================================================================

--------------------------------------------------------------------
    Active modules listed in the order in which they are called
--------------------------------------------------------------------
        Process                    Module         Version Date
==============================================================
PRMS Computation Order          gsflow_prms         02/01/2026
Read Control File               read_control_file   2025-01-16
Read Parameter File             read_parameter_file 2025-09-01
Read Data File                  read_data_file      2023-06-02
Basin Definition                basin               2025-02-26
Cascading Flow                  cascade             2025-02-27
Common States and Fluxes        climateflow         2025-01-16
Potential Solar Radiation       soltab              2025-02-21
Time Series Data                obs                 2023-11-01
Timestep Control                prms_time           2023-11-01
Temperature Distribution        temp_1sta           2025-01-11
Precipitation Distribution      precip_1sta         2025-02-12
Solar Radiation Distribution    ddsolrad            2023-10-04
Transpiration Distribution      transp_tindex       2023-11-01
Potential Evapotranspiration    potet_jh            2021-08-13
Canopy Interception             intcp               2024-04-04
Snow Dynamics                   snowcomp            2025-02-18
Surface Runoff                  srunoff_smidx       2024-10-09
Soilzone Computations           soilzone            2025-02-27
GSFLOW PRMS to USG              gsflow_prms2usg     2025-11-01
GSFLOW MODFLOW to PRMS          gsflow_mf2prms      2025-10-01
GSFLOW Output Budget Summary    gsflow_budget       2025-09-01
GSFLOW Output CSV Summary       gsflow_sum          2025-09-01
Statistics Variables Output     statvar_out         2021-09-08
==============================================================
